// Jest Snapshot v1, https://goo.gl/fbAQLP

exports[`Pruebas en AppRouter Debe mostrar el login si no está autenticado 1`] = `
Object {
  "asFragment": [Function],
  "baseElement": <body>
    <div>
      <div
        class="container login-container"
      >
        <div
          class="row"
        >
          <div
            class="col-md-6 login-form-1"
          >
            <h3>
              Ingreso
            </h3>
            <form>
              <div
                class="form-group mb-2"
              >
                <input
                  class="form-control"
                  name="loginEmail"
                  placeholder="Correo"
                  type="text"
                  value=""
                />
              </div>
              <div
                class="form-group mb-2"
              >
                <input
                  class="form-control"
                  name="loginPassword"
                  placeholder="Contraseña"
                  type="password"
                  value=""
                />
              </div>
              <div
                class="d-grid gap-2"
              >
                <input
                  class="btnSubmit"
                  type="submit"
                  value="Login"
                />
              </div>
            </form>
          </div>
          <div
            class="col-md-6 login-form-2"
          >
            <h3>
              Registro
            </h3>
            <form>
              <div
                class="form-group mb-2"
              >
                <input
                  class="form-control"
                  name="registerName"
                  placeholder="Nombre"
                  required=""
                  type="text"
                  value=""
                />
              </div>
              <div
                class="form-group mb-2"
              >
                <input
                  class="form-control"
                  name="registerEmail"
                  placeholder="Correo"
                  required=""
                  type="email"
                  value=""
                />
              </div>
              <div
                class="form-group mb-2"
              >
                <input
                  class="form-control"
                  name="registerPassword"
                  placeholder="Contraseña"
                  required=""
                  type="password"
                  value=""
                />
              </div>
              <div
                class="form-group mb-2"
              >
                <input
                  class="form-control"
                  name="registerPassword2"
                  placeholder="Repita la contraseña"
                  required=""
                  type="password"
                  value=""
                />
              </div>
              <div
                class="form-group mb-2"
              >
                <input
                  class="btnSubmit"
                  type="submit"
                  value="Crear cuenta"
                />
              </div>
            </form>
          </div>
        </div>
      </div>
    </div>
  </body>,
  "container": <div>
    <div
      class="container login-container"
    >
      <div
        class="row"
      >
        <div
          class="col-md-6 login-form-1"
        >
          <h3>
            Ingreso
          </h3>
          <form>
            <div
              class="form-group mb-2"
            >
              <input
                class="form-control"
                name="loginEmail"
                placeholder="Correo"
                type="text"
                value=""
              />
            </div>
            <div
              class="form-group mb-2"
            >
              <input
                class="form-control"
                name="loginPassword"
                placeholder="Contraseña"
                type="password"
                value=""
              />
            </div>
            <div
              class="d-grid gap-2"
            >
              <input
                class="btnSubmit"
                type="submit"
                value="Login"
              />
            </div>
          </form>
        </div>
        <div
          class="col-md-6 login-form-2"
        >
          <h3>
            Registro
          </h3>
          <form>
            <div
              class="form-group mb-2"
            >
              <input
                class="form-control"
                name="registerName"
                placeholder="Nombre"
                required=""
                type="text"
                value=""
              />
            </div>
            <div
              class="form-group mb-2"
            >
              <input
                class="form-control"
                name="registerEmail"
                placeholder="Correo"
                required=""
                type="email"
                value=""
              />
            </div>
            <div
              class="form-group mb-2"
            >
              <input
                class="form-control"
                name="registerPassword"
                placeholder="Contraseña"
                required=""
                type="password"
                value=""
              />
            </div>
            <div
              class="form-group mb-2"
            >
              <input
                class="form-control"
                name="registerPassword2"
                placeholder="Repita la contraseña"
                required=""
                type="password"
                value=""
              />
            </div>
            <div
              class="form-group mb-2"
            >
              <input
                class="btnSubmit"
                type="submit"
                value="Crear cuenta"
              />
            </div>
          </form>
        </div>
      </div>
    </div>
  </div>,
  "debug": [Function],
  "findAllByAltText": [Function],
  "findAllByDisplayValue": [Function],
  "findAllByLabelText": [Function],
  "findAllByPlaceholderText": [Function],
  "findAllByRole": [Function],
  "findAllByTestId": [Function],
  "findAllByText": [Function],
  "findAllByTitle": [Function],
  "findByAltText": [Function],
  "findByDisplayValue": [Function],
  "findByLabelText": [Function],
  "findByPlaceholderText": [Function],
  "findByRole": [Function],
  "findByTestId": [Function],
  "findByText": [Function],
  "findByTitle": [Function],
  "getAllByAltText": [Function],
  "getAllByDisplayValue": [Function],
  "getAllByLabelText": [Function],
  "getAllByPlaceholderText": [Function],
  "getAllByRole": [Function],
  "getAllByTestId": [Function],
  "getAllByText": [Function],
  "getAllByTitle": [Function],
  "getByAltText": [Function],
  "getByDisplayValue": [Function],
  "getByLabelText": [Function],
  "getByPlaceholderText": [Function],
  "getByRole": [Function],
  "getByTestId": [Function],
  "getByText": [Function],
  "getByTitle": [Function],
  "queryAllByAltText": [Function],
  "queryAllByDisplayValue": [Function],
  "queryAllByLabelText": [Function],
  "queryAllByPlaceholderText": [Function],
  "queryAllByRole": [Function],
  "queryAllByTestId": [Function],
  "queryAllByText": [Function],
  "queryAllByTitle": [Function],
  "queryByAltText": [Function],
  "queryByDisplayValue": [Function],
  "queryByLabelText": [Function],
  "queryByPlaceholderText": [Function],
  "queryByRole": [Function],
  "queryByTestId": [Function],
  "queryByText": [Function],
  "queryByTitle": [Function],
  "rerender": [Function],
  "unmount": [Function],
}
`;
